// Jest Snapshot v1, https://goo.gl/fbAQLP

exports[`button <bolt-blockquote> with No Quotes renders 2`] = `
<bolt-blockquote
  author-name="Michelangelo di Lodovico Buonarroti Simoni"
  author-title="Renaissance Artist"
  no-quotes=""
  style=""
>
  
        
  <p
    class="is-first-child"
    style=""
  >
    The greater danger for most of us lies not in setting our aim too high and falling short...
  </p>
  
        
  <p
    class="is-last-child"
    style=""
  >
    In fact, the greater danger is setting our aim too low and achieving our mark.
  </p>
</bolt-blockquote>
`;

exports[`button Basic usage 1`] = `
<bolt-blockquote>
  <blockquote class="c-bolt-blockquote c-bolt-blockquote--xlarge c-bolt-blockquote--align-items-start c-bolt-blockquote--bordered-vertical"
              is="shadow-root"
  >
    <replace-with-grandchildren class="c-bolt-blockquote__quote">
      <div class="c-bolt-text c-bolt-text--semibold c-bolt-text--normal c-bolt-text--xlarge">
        <p>
          The greater danger for most of us lies not in setting our aim too high and falling short; but in setting our aim too low, and achieving our mark.
        </p>
      </div>
    </replace-with-grandchildren>
    <replace-with-grandchildren>
      <footer class="c-bolt-blockquote__footer">
        <replace-with-children class="c-bolt-blockquote__footer-item">
          <cite slot="author-name"
                class="c-bolt-text c-bolt-text--bold c-bolt-text--normal c-bolt-text--xsmall"
          >
            Michelangelo di Lodovico Buonarroti Simoni
          </cite>
        </replace-with-children>
        <replace-with-children class="c-bolt-blockquote__footer-item">
          <cite slot="author-title"
                class="c-bolt-text c-bolt-text--regular c-bolt-text--normal c-bolt-text--xsmall"
          >
            Renaissance Artist
          </cite>
        </replace-with-children>
      </footer>
    </replace-with-grandchildren>
  </blockquote>
</bolt-blockquote>
`;

exports[`button Default <bolt-blockquote> inside a <form> renders 2`] = `
<blockquote
  class="c-bolt-blockquote c-bolt-blockquote--xxlarge c-bolt-blockquote--align-items-start c-bolt-blockquote--bordered-horizontal"
  style=""
>
  
        
              
  <div
    class="c-bolt-blockquote__logo"
    style=""
  >
    
                
    <!---->
    <!---->
    <img
      alt="Bolt Design System Logo"
      slot="logo"
      src="/fixtures/bolt-logo.svg"
      style="max-width:200px;"
    >
      <!---->
      <!---->
      
              
    </img>
  </div>
  
            
        
  <div
    class="c-bolt-blockquote__quote"
    style=""
  >
    
          
    <div
      class="c-bolt-text-v2 c-bolt-text-v2--block c-bolt-text-v2--body c-bolt-text-v2--font-size-xlarge c-bolt-text-v2--font-weight-semibold c-bolt-text-v2--font-style-regular c-bolt-text-v2--color-theme-headline c-bolt-text-v2--letter-spacing-regular c-bolt-text-v2--align-inherit c-bolt-text-v2--text-transform-regular c-bolt-text-v2--line-height-regular c-bolt-text-v2--opacity-100"
      style=""
    >
      
            
      <!---->
      <!---->
      
        
      <!---->
      
        
      <!---->
      <p
        class="is-first-child"
        style=""
      >
        Bolt Blockquote w/ Shadow DOM auto-disabled
      </p>
      <!---->
      
        
      <!---->
      <p
        class="is-last-child"
        style=""
      >
        Yeah, but it works on my machine...
      </p>
      <!---->
      
      
      <!---->
      <!---->
      
          
    </div>
    
        
  </div>
  
        
              
  <footer
    class="c-bolt-blockquote__footer"
    style=""
  >
    
                
    <!---->
    
                    
    <div
      class="c-bolt-blockquote__footer-item"
      style=""
    >
      
                      
                    
    </div>
    
                  
    <!---->
    
                    
    <div
      class="c-bolt-blockquote__footer-item"
      style=""
    >
      
                      
      
      <cite
        class="c-bolt-text-v2 c-bolt-text-v2--block c-bolt-text-v2--body c-bolt-text-v2--font-size-xsmall c-bolt-text-v2--font-weight-bold c-bolt-text-v2--font-style-regular c-bolt-text-v2--color-theme-headline c-bolt-text-v2--letter-spacing-regular c-bolt-text-v2--align-inherit c-bolt-text-v2--text-transform-regular c-bolt-text-v2--line-height-regular c-bolt-text-v2--opacity-100"
        style=""
      >
        
        Every Developer, Ever.
      
      </cite>
      
    
                    
    </div>
    
                  
    <!---->
    
                    
    <div
      class="c-bolt-blockquote__footer-item"
      style=""
    >
      
                      
      
      <cite
        class="c-bolt-text-v2 c-bolt-text-v2--block c-bolt-text-v2--body c-bolt-text-v2--font-size-xsmall c-bolt-text-v2--font-weight-regular c-bolt-text-v2--font-style-regular c-bolt-text-v2--color-theme-headline c-bolt-text-v2--letter-spacing-regular c-bolt-text-v2--align-inherit c-bolt-text-v2--text-transform-regular c-bolt-text-v2--line-height-regular c-bolt-text-v2--opacity-100"
        style=""
      >
        
        Web Developer
      
      </cite>
      
    
                    
    </div>
    
                  
    <!---->
    
              
  </footer>
  
            
      
</blockquote>
`;

exports[`button Default <bolt-blockquote> w/o Shadow DOM renders 2`] = `
<bolt-blockquote
  align-items="center"
  author-image="/fixtures/500x500.jpg"
  author-name="Michelangelo di Lodovico Buonarroti Simoni"
  author-title="Renaissance Artist"
  style=""
>
  <!---->
  
      
      
  <blockquote
    class="c-bolt-blockquote c-bolt-blockquote--xlarge c-bolt-blockquote--align-items-center c-bolt-blockquote--bordered-vertical"
    style=""
  >
    
        
              
    <div
      class="c-bolt-blockquote__logo"
      style=""
    >
      
                
      <!---->
      <!---->
      <img
        alt="PayPal Logo"
        slot="logo"
        src="/fixtures/paypal-logo.svg"
        style=""
      >
        <!---->
        <!---->
        
              
      </img>
    </div>
    
            
        
    <div
      class="c-bolt-blockquote__quote"
      style=""
    >
      
          
      <div
        class="c-bolt-text-v2 c-bolt-text-v2--block c-bolt-text-v2--body c-bolt-text-v2--font-size-xlarge c-bolt-text-v2--font-weight-semibold c-bolt-text-v2--font-style-regular c-bolt-text-v2--color-theme-headline c-bolt-text-v2--letter-spacing-regular c-bolt-text-v2--align-inherit c-bolt-text-v2--text-transform-regular c-bolt-text-v2--line-height-regular c-bolt-text-v2--opacity-100"
        style=""
      >
        
            
        <!---->
        <!---->
        
        
        <!---->
        <p
          class="is-first-child"
          style=""
        >
          Bolt Blockquote w/ Shadow DOM Manually Disabled
        </p>
        <!---->
        
        
        <!---->
        <p
          class="is-last-child"
          style=""
        >
          Press any key to continue or any other key to quit.
        </p>
        <!---->
        
      
        <!---->
        <!---->
        
          
      </div>
      
        
    </div>
    
        
              
    <footer
      class="c-bolt-blockquote__footer"
      style=""
    >
      
                
      <!---->
      
                    
      <div
        class="c-bolt-blockquote__footer-item"
        style=""
      >
        
                      
      
        <div
          class="c-bolt-blockquote__image"
          style=""
        >
          
        
              
          <img
            alt="Renaissance Artist"
            src="/fixtures/500x500.jpg"
            style=""
          >
            
            
      
          </img>
        </div>
        
    
                    
      </div>
      
                  
      <!---->
      
                    
      <div
        class="c-bolt-blockquote__footer-item"
        style=""
      >
        
                      
      
        <cite
          class="c-bolt-text-v2 c-bolt-text-v2--block c-bolt-text-v2--body c-bolt-text-v2--font-size-xsmall c-bolt-text-v2--font-weight-bold c-bolt-text-v2--font-style-regular c-bolt-text-v2--color-theme-headline c-bolt-text-v2--letter-spacing-regular c-bolt-text-v2--align-inherit c-bolt-text-v2--text-transform-regular c-bolt-text-v2--line-height-regular c-bolt-text-v2--opacity-100"
          style=""
        >
          
        Michelangelo di Lodovico Buonarroti Simoni
      
        </cite>
        
    
                    
      </div>
      
                  
      <!---->
      
                    
      <div
        class="c-bolt-blockquote__footer-item"
        style=""
      >
        
                      
      
        <cite
          class="c-bolt-text-v2 c-bolt-text-v2--block c-bolt-text-v2--body c-bolt-text-v2--font-size-xsmall c-bolt-text-v2--font-weight-regular c-bolt-text-v2--font-style-regular c-bolt-text-v2--color-theme-headline c-bolt-text-v2--letter-spacing-regular c-bolt-text-v2--align-inherit c-bolt-text-v2--text-transform-regular c-bolt-text-v2--line-height-regular c-bolt-text-v2--opacity-100"
          style=""
        >
          
        Renaissance Artist
      
        </cite>
        
    
                    
      </div>
      
                  
      <!---->
      
              
    </footer>
    
            
      
  </blockquote>
  
    
  <!---->
</bolt-blockquote>
`;

exports[`button Default <bolt-blockquote> with Shadow DOM renders 2`] = `
<bolt-blockquote
  author-name="Chris Heilmann"
  author-title="Developer Evangelist"
  style=""
>
  
        
  <p
    class="is-first-child is-last-child"
    style=""
  >
    Java is to JavaScript what Car is to Carpet.
  </p>
  
      
</bolt-blockquote>
`;
